
> react-typescript-starter@0.1.0 test
> react-scripts test

PASS src/nested.test.ts
PASS src/arrays.test.ts
  ● Console

    console.log
      [ 1, 2, 3 ]

      at bookEndList (src/arrays.ts:8:13)

    console.log
      [ 100, 300, 200 ]

      at bookEndList (src/arrays.ts:8:13)

    console.log
      [ 5 ]

      at bookEndList (src/arrays.ts:8:13)

    console.log
      []

      at bookEndList (src/arrays.ts:8:13)

    console.log
      [ 100, 199, 1, -5, 7, 3 ]

      at bookEndList (src/arrays.ts:8:13)

    console.log
      [ -100, -200, 100, 200 ]

      at bookEndList (src/arrays.ts:8:13)

PASS src/objects.test.ts
PASS src/components/StartAttempt.test.tsx
PASS src/components/TwoDice.test.tsx
PASS src/form-components/MultipleChoiceQuestion.test.tsx
PASS src/bad-components/ChooseTeam.test.tsx
PASS src/bad-components/DoubleHalf.test.tsx
PASS src/functions.test.ts
PASS src/form-components/CheckAnswer.test.tsx
PASS src/form-components/EditMode.test.tsx
PASS src/components/ChangeType.test.tsx
PASS src/components/CycleHoliday.test.tsx
PASS src/form-components/GiveAttempts.test.tsx
PASS src/form-components/ChangeColor.test.tsx
PASS src/components/Counter.test.tsx
PASS src/components/RevealAnswer.test.tsx
PASS src/bad-components/ColoredBox.test.tsx
PASS src/bad-components/ShoveBox.test.tsx
PASS src/App.test.tsx
-----------------------------|---------|----------|---------|---------|-------------------
File                         | % Stmts | % Branch | % Funcs | % Lines | Uncovered Line #s 
-----------------------------|---------|----------|---------|---------|-------------------
All files                    |   98.35 |    96.42 |   98.46 |   98.29 |                   
 src                         |   98.45 |    96.96 |   98.64 |   98.37 |                   
  App.tsx                    |      50 |      100 |      50 |      50 | 38                
  arrays.ts                  |     100 |      100 |     100 |     100 |                   
  functions.ts               |     100 |      100 |     100 |     100 |                   
  nested.ts                  |   98.59 |    94.11 |     100 |    98.5 | 79                
  objects.ts                 |   97.87 |    92.85 |     100 |   97.82 | 37                
 src/bad-components          |   96.66 |       50 |     100 |   96.42 |                   
  ChooseTeam.tsx             |     100 |       50 |     100 |     100 | 18                
  ColoredBox.tsx             |     100 |      100 |     100 |     100 |                   
  DoubleHalf.tsx             |     100 |      100 |     100 |     100 |                   
  DoubleHalfState.tsx        |       0 |      100 |     100 |       0 | 3                 
  ShoveBox.tsx               |     100 |      100 |     100 |     100 |                   
 src/components              |   98.11 |    96.87 |   95.23 |   98.11 |                   
  ChangeType.tsx             |     100 |    83.33 |     100 |     100 | 12                
  Counter.tsx                |     100 |      100 |     100 |     100 |                   
  CycleHoliday.tsx           |   95.65 |      100 |   83.33 |   95.65 | 32                
  RevealAnswer.tsx           |     100 |      100 |     100 |     100 |                   
  StartAttempt.tsx           |     100 |      100 |     100 |     100 |                   
  TwoDice.tsx                |     100 |      100 |     100 |     100 |                   
 src/form-components         |     100 |      100 |     100 |     100 |                   
  ChangeColor.tsx            |     100 |      100 |     100 |     100 |                   
  CheckAnswer.tsx            |     100 |      100 |     100 |     100 |                   
  EditMode.tsx               |     100 |      100 |     100 |     100 |                   
  GiveAttempts.tsx           |     100 |      100 |     100 |     100 |                   
  MultipleChoiceQuestion.tsx |     100 |      100 |     100 |     100 |                   
 src/interfaces              |       0 |        0 |       0 |       0 |                   
  answer.ts                  |       0 |        0 |       0 |       0 |                   
  question.ts                |       0 |        0 |       0 |       0 |                   
-----------------------------|---------|----------|---------|---------|-------------------

Test Suites: 20 passed, 20 total
Tests:       134 passed, 134 total
Snapshots:   0 total
Time:        14.648 s
Ran all test suites.
